should base64 encode stringData into data, like the api-server does:
  1: |
    apiVersion: v1
    kind: Secret
    metadata:
      name: testsecret
    stringData:
      from_data: encoded value
      from_string_data: plain value
      overridden: new value
      secrets_found: "1"
      string_data_is_dropped: "true"
    type: Opaque
